Software Version: 2025.2.0.14
creating folder: experiments\rq1_end_to_end\results\disco\program\fpx\cdc_ref
Programmer 'E203ASSQZJ' : JTAG TCK / SPI SCK frequency = 1 MHz
programmer 'E203ASSQZJ' : FlashPro5
Created new project 'experiments\rq1_end_to_end\results\disco\program\fpx\cdc_ref\cdc_ref.pro'
PPD file 'experiments\rq1_end_to_end\results\disco\program\fpx\cdc_ref\cdc_ref.ppd' has been loaded successfully.
DESIGN : board_top;  CHECKSUM : EC55;  PDB_VERSION : 1.0
creating folder: experiments\rq1_end_to_end\results\disco\program\fpx\cdc_ref\projectData
Software Version: 2025.2.0.14
PPD file 'experiments\rq1_end_to_end\results\disco\program\fpx\cdc_ref\cdc_ref.ppd' has been loaded successfully.
DESIGN : board_top;  CHECKSUM : EC55;  PDB_VERSION : 1.0
Programmer 'E203ASSQZJ' : JTAG TCK / SPI SCK frequency = 1 MHz
programmer 'E203ASSQZJ' : FlashPro5
The 'create_job_project' command succeeded.
The 'set_programming_action' command succeeded.
programmer 'E203ASSQZJ' : Scan Chain...
Programmer 'E203ASSQZJ' : JTAG TCK / SPI SCK frequency = 1 MHz
programmer 'E203ASSQZJ' : Check Chain...
programmer 'E203ASSQZJ' : Scan and Check Chain PASSED.
programmer 'E203ASSQZJ' : device 'MPFS095T' : Executing action DEVICE_INFO
Programmer 'E203ASSQZJ' : JTAG TCK / SPI SCK frequency = 4 MHz
programmer 'E203ASSQZJ' : device 'MPFS095T' : EXPORT Algo_version[16] = 0002
programmer 'E203ASSQZJ' : device 'MPFS095T' : EXPORT IDCODE[32] = 0f8181cf
programmer 'E203ASSQZJ' : device 'MPFS095T' : Family: PolarFireSoC
programmer 'E203ASSQZJ' : device 'MPFS095T' : Product: MPFS095TS
programmer 'E203ASSQZJ' : device 'MPFS095T' : Die Revision: 0
programmer 'E203ASSQZJ' : device 'MPFS095T' : Die Firmware Version: 135.6
programmer 'E203ASSQZJ' : device 'MPFS095T' : EXPORT UDV[32] = 05c78706
programmer 'E203ASSQZJ' : device 'MPFS095T' : EXPORT SILSIG[32] = d15c0417
programmer 'E203ASSQZJ' : device 'MPFS095T' : FPGA Array is programmed and enabled.
programmer 'E203ASSQZJ' : device 'MPFS095T' : Design Name: MPFS_DISCOVERY_KIT
programmer 'E203ASSQZJ' : device 'MPFS095T' : EXPORT CHECKSUM[16] = d9e3
programmer 'E203ASSQZJ' : device 'MPFS095T' : EXPORT READ_DESIGN_INFO: [288] = 000065b800000000000000000000000054494b5f595245564f435349445f5346504dd9e3
programmer 'E203ASSQZJ' : device 'MPFS095T' : EXPORT DESIGNVER[16] = 65b8
programmer 'E203ASSQZJ' : device 'MPFS095T' : EXPORT BACKLEVEL[16] = 0000
programmer 'E203ASSQZJ' : device 'MPFS095T' : Reading digests for all the segments from the device...
programmer 'E203ASSQZJ' : device 'MPFS095T' : EXPORT CHECK FABRIC digest[256] = ca02205a6d45fff516d904cd07c3c78bd9236f67563eee4a346691c448b17bec
programmer 'E203ASSQZJ' : device 'MPFS095T' : EXPORT CC digest[256] = 7d754d9a8f58c505f46fb91aaaaab0bd74be512489637beeecde38e67a6d2046
programmer 'E203ASSQZJ' : device 'MPFS095T' : EXPORT SNVM digest[256] = c5400f05b4d2162267fd95a66b7317fa0a9b0e316aceed8e60194b955ea0596d
programmer 'E203ASSQZJ' : device 'MPFS095T' : EXPORT UL digest[256] = cda0565eb6ac34d4410fcc8e69b568d1c4f7f809a16e106266163b28241892ba
programmer 'E203ASSQZJ' : device 'MPFS095T' : EXPORT UKDIGEST0 digest[256] = 0000000000000000000000000000000000000000000000000000000000000000
programmer 'E203ASSQZJ' : device 'MPFS095T' : EXPORT UKDIGEST1 digest[256] = 0000000000000000000000000000000000000000000000000000000000000000
programmer 'E203ASSQZJ' : device 'MPFS095T' : EXPORT UKDIGEST2 digest[256] = d45264ac8021c51b0e1a01764b865b74ccf1bec3d20c40078063d19891aba92e
programmer 'E203ASSQZJ' : device 'MPFS095T' : EXPORT UKDIGEST3 digest[256] = 4bfb5927a93198eae8f0d920233d00439b9709d36eef982730206ad142fda5f5
programmer 'E203ASSQZJ' : device 'MPFS095T' : EXPORT UKDIGEST4 digest[256] = 0000000000000000000000000000000000000000000000000000000000000000
programmer 'E203ASSQZJ' : device 'MPFS095T' : EXPORT UKDIGEST5 digest[256] = d45264ac8021c51b0e1a01764b865b74ccf1bec3d20c40078063d19891aba92e
programmer 'E203ASSQZJ' : device 'MPFS095T' : EXPORT UKDIGEST6 digest[256] = 4bfb5927a93198eae8f0d920233d00439b9709d36eef982730206ad142fda5f5
programmer 'E203ASSQZJ' : device 'MPFS095T' : EXPORT UPERM digest[256] = 49a5818c4fff9561dff202eddf5d7b9dca9189afe8e0c6eb76de64f6726abb93
programmer 'E203ASSQZJ' : device 'MPFS095T' : EXPORT SYS digest[256] = 4c460e7d1611c5460446999eb87f38aa6673b720b7a0e3b9641dac0a525fd784
programmer 'E203ASSQZJ' : device 'MPFS095T' : EXPORT UKDIGEST7 digest[256] = 4bfb5927a93198eae8f0d920233d00439b9709d36eef982730206ad142fda5f5
programmer 'E203ASSQZJ' : device 'MPFS095T' : EXPORT ENVM digest[256] = 55b852781b9995a44c939b64e441ae2724b96f99c8f4fb9a141cfc9842c4b0e3
programmer 'E203ASSQZJ' : device 'MPFS095T' : EXPORT UKDIGEST8 digest[256] = 0412eb154e1795ede2ed363d91583c9f28cc8df9f6d94c4854d0d8ea21635eec
programmer 'E203ASSQZJ' : device 'MPFS095T' : EXPORT UKDIGEST9 digest[256] = 24e58e26abd4a4ca46516d4614f6f4dddb7e9a4fed9e8439e1d7e5b0b56caa17
programmer 'E203ASSQZJ' : device 'MPFS095T' : EXPORT UKDIGEST10 digest[256] = 4bfb5927a93198eae8f0d920233d00439b9709d36eef982730206ad142fda5f5
programmer 'E203ASSQZJ' : device 'MPFS095T' : Please refer to System Services User Guide for more details about different digests.
programmer 'E203ASSQZJ' : device 'MPFS095T' : ---------------------------------------
programmer 'E203ASSQZJ' : device 'MPFS095T' : EXPORT DEBUG_INFO[784] = 000000000000000000000003017e00002fff100001000000000000000000000000000000000c00000444000000ca000003000000000000000000d366f8012dea02010000000000000000000019cc023a071c09c009b409c30026001f002619000000
programmer 'E203ASSQZJ' : device 'MPFS095T' : System controller suspend mode is disabled
programmer 'E203ASSQZJ' : device 'MPFS095T' : CYCLE COUNT: 12
programmer 'E203ASSQZJ' : device 'MPFS095T' : Programming Mode: JTAG
programmer 'E203ASSQZJ' : device 'MPFS095T' : Algorithm Version: 1
programmer 'E203ASSQZJ' : device 'MPFS095T' : Programmer: FlashPro5
programmer 'E203ASSQZJ' : device 'MPFS095T' : Software Version: 2025.2
programmer 'E203ASSQZJ' : device 'MPFS095T' : Programming Software: FlashPro Express
programmer 'E203ASSQZJ' : device 'MPFS095T' : Programming File Type: PPD
programmer 'E203ASSQZJ' : device 'MPFS095T' : ===================================================================================
programmer 'E203ASSQZJ' : device 'MPFS095T' : EXPORT DSN[128] = 6646180cba578c73b3eb984f201a9204
programmer 'E203ASSQZJ' : device 'MPFS095T' : ===================================================================================
programmer 'E203ASSQZJ' : device 'MPFS095T' : --- Security locks and configuration settings ---
programmer 'E203ASSQZJ' : device 'MPFS095T' : EXPORT QUERY_SECURITY[264] = 00ffffffffffffffffffffffffffffffff00000001000000000000000000000000
programmer 'E203ASSQZJ' : device 'MPFS095T' : Microsemi factory test mode access is allowed.
programmer 'E203ASSQZJ' : device 'MPFS095T' : EXPORT Factory Integrity Bits[256] = 4be48dc078655d410fcdce9bf440e55e2fab9525a27eb8f1e4b1db5c9d0caff6
programmer 'E203ASSQZJ' : device 'MPFS095T' : EXPORT Device Integrity Bits[256] = 0000000000000000000000000000000000000000000000000000000000000000
programmer 'E203ASSQZJ' : device 'MPFS095T' : Device Integrity Status : FAIL
programmer 'E203ASSQZJ' : device 'MPFS095T' : Please refer to Device Integrity Protection section of the PolarFire Family FPGA Security User Guide.
programmer 'E203ASSQZJ' : device 'MPFS095T' : ===================================================================================
programmer 'E203ASSQZJ' : device 'MPFS095T' : EXPORT DSN[128] = 6646180cba578c73b3eb984f201a9204
programmer 'E203ASSQZJ' : device 'MPFS095T' : ===================================================================================
programmer 'E203ASSQZJ' : Finished: Thu Sep 24 18:00:53 2026 (Elapsed time 00:00:01)
programmer 'E203ASSQZJ' : device 'MPFS095T' : Executing action DEVICE_INFO PASSED.
programmer 'E203ASSQZJ' : Chain programming PASSED.
Chain Programming Finished: Thu Sep 24 18:00:53 2026 (Elapsed time 00:00:01)

                        o - o - o - o - o - o

The 'run_selected_actions' command succeeded.
Exported log file experiments/rq1_end_to_end/results/disco/program/fpx/DEVICE_INFO.log.
The 'save_log' command succeeded.
Project closed.
Exported log file experiments/rq1_end_to_end/results/disco/program/device_info.log.
The 'close_project' command succeeded.
The Execute Script command succeeded.
