Software Version: 2025.2.0.14
Programmer 'E203ASSQZJ' : JTAG TCK / SPI SCK frequency = 1 MHz
programmer 'E203ASSQZJ' : FlashPro5
Created new project 'experiments\rq1_end_to_end\results\disco\program\fpx\cdc_ref\cdc_ref.pro'
PPD file 'experiments\rq1_end_to_end\results\disco\program\fpx\cdc_ref\cdc_ref.ppd' has been loaded successfully.
DESIGN : board_top;  CHECKSUM : EC55;  PDB_VERSION : 1.0
Software Version: 2025.2.0.14
PPD file 'experiments\rq1_end_to_end\results\disco\program\fpx\cdc_ref\cdc_ref.ppd' has been loaded successfully.
DESIGN : board_top;  CHECKSUM : EC55;  PDB_VERSION : 1.0
Programmer 'E203ASSQZJ' : JTAG TCK / SPI SCK frequency = 1 MHz
programmer 'E203ASSQZJ' : FlashPro5
The 'create_job_project' command succeeded.
The 'set_programming_action' command succeeded.
programmer 'E203ASSQZJ' : Scan Chain...
Programmer 'E203ASSQZJ' : JTAG TCK / SPI SCK frequency = 1 MHz
programmer 'E203ASSQZJ' : Check Chain...
programmer 'E203ASSQZJ' : Scan and Check Chain PASSED.
programmer 'E203ASSQZJ' : device 'MPFS095T' : Executing action VERIFY_DIGEST
Programmer 'E203ASSQZJ' : JTAG TCK / SPI SCK frequency = 4 MHz
programmer 'E203ASSQZJ' : device 'MPFS095T' : EXPORT Algo_version[16] = 0002
programmer 'E203ASSQZJ' : device 'MPFS095T' : EXPORT IDCODE[32] = 0f8181cf
programmer 'E203ASSQZJ' : device 'MPFS095T' : EXPORT ISC_ENABLE_RESULT[32] = 00000000
programmer 'E203ASSQZJ' : device 'MPFS095T' : EXPORT CRCERR[1] = 0
programmer 'E203ASSQZJ' : device 'MPFS095T' : Design Name: board_top
programmer 'E203ASSQZJ' : device 'MPFS095T' : EXPORT CHECKSUM[16] = ec55
programmer 'E203ASSQZJ' : device 'MPFS095T' : EXPORT READ_DESIGN_INFO: [288] = 00000000000000000000000000000000000000000000000000706f745f6472616f62ec55
programmer 'E203ASSQZJ' : device 'MPFS095T' : EXPORT DESIGNVER[16] = 0000
programmer 'E203ASSQZJ' : device 'MPFS095T' : EXPORT BACKLEVEL[16] = 0000
programmer 'E203ASSQZJ' : device 'MPFS095T' : CHECK FABRIC digest verification: PASS
programmer 'E203ASSQZJ' : device 'MPFS095T' : EXPORT CHECK FABRIC digest[256] = fca4021752fa0623ab4ea194d07c7dc4ab5265c7596a682899c7ae6bc1c4b205
programmer 'E203ASSQZJ' : device 'MPFS095T' : CC digest verification: PASS
programmer 'E203ASSQZJ' : device 'MPFS095T' : EXPORT CC digest[256] = 26dd9b7f93a49ec4db5cd7e2ce41276f18fe021c3f1d016761942cebeb9ef5af
programmer 'E203ASSQZJ' : device 'MPFS095T' : SNVM digest verification: PASS
programmer 'E203ASSQZJ' : device 'MPFS095T' : EXPORT SNVM digest[256] = f37409a2f3c0041fc1e3b6d3d3803a88831b43452e3db22551f4adccb04092f6
programmer 'E203ASSQZJ' : device 'MPFS095T' : UL digest verification: PASS
programmer 'E203ASSQZJ' : device 'MPFS095T' : EXPORT UL digest[256] = 6536ff1fd0a85bd3eda079923dd36fe296d55bfff4dd26b63b8b8209c2b4648d
programmer 'E203ASSQZJ' : device 'MPFS095T' : SYS digest verification: PASS
programmer 'E203ASSQZJ' : device 'MPFS095T' : EXPORT SYS digest[256] = 4c460e7d1611c5460446999eb87f38aa6673b720b7a0e3b9641dac0a525fd784
programmer 'E203ASSQZJ' : device 'MPFS095T' : UKDIGEST9 digest verification: PASS
programmer 'E203ASSQZJ' : device 'MPFS095T' : EXPORT UKDIGEST9 digest[256] = 24e58e26abd4a4ca46516d4614f6f4dddb7e9a4fed9e8439e1d7e5b0b56caa17
programmer 'E203ASSQZJ' : device 'MPFS095T' : Please refer to System Services User Guide for more details about different digests.
programmer 'E203ASSQZJ' : device 'MPFS095T' : ===================================================================================
programmer 'E203ASSQZJ' : device 'MPFS095T' : EXPORT DSN[128] = 6646180cba578c73b3eb984f201a9204
programmer 'E203ASSQZJ' : device 'MPFS095T' : ===================================================================================
programmer 'E203ASSQZJ' : Finished: Thu Sep 24 18:02:24 2026 (Elapsed time 00:00:01)
programmer 'E203ASSQZJ' : device 'MPFS095T' : Executing action VERIFY_DIGEST PASSED.
programmer 'E203ASSQZJ' : Chain programming PASSED.
Chain Programming Finished: Thu Sep 24 18:02:24 2026 (Elapsed time 00:00:01)

                        o - o - o - o - o - o

The 'run_selected_actions' command succeeded.
Exported log file experiments/rq1_end_to_end/results/disco/program/fpx/VERIFY_DIGEST.log.
The 'save_log' command succeeded.
Project closed.
Exported log file experiments/rq1_end_to_end/results/disco/program/verify_digest.log.
The 'close_project' command succeeded.
The Execute Script command succeeded.
