Software Version: 2025.2.0.14
Programmer 'E203ASSQZJ' : JTAG TCK / SPI SCK frequency = 1 MHz
programmer 'E203ASSQZJ' : FlashPro5
Created new project 'G:\2026_CS\git_upload\experiments\public_designs\results\discovery_ref\program\fpx\MPFS_DISCOVERY\MPFS_DISCOVERY.pro'
PPD file 'G:\2026_CS\git_upload\experiments\public_designs\results\discovery_ref\program\fpx\MPFS_DISCOVERY\MPFS_DISCOVERY.ppd' has been loaded successfully.
DESIGN : MPFS_DISCOVERY_KIT;  CHECKSUM : 6DC6;  PDB_VERSION : 1.0
Software Version: 2025.2.0.14
PPD file 'G:\2026_CS\git_upload\experiments\public_designs\results\discovery_ref\program\fpx\MPFS_DISCOVERY\MPFS_DISCOVERY.ppd' has been loaded successfully.
DESIGN : MPFS_DISCOVERY_KIT;  CHECKSUM : 6DC6;  PDB_VERSION : 1.0
Programmer 'E203ASSQZJ' : JTAG TCK / SPI SCK frequency = 1 MHz
programmer 'E203ASSQZJ' : FlashPro5
The 'create_job_project' command succeeded.
The 'set_programming_action' command succeeded.
programmer 'E203ASSQZJ' : Scan Chain...
Programmer 'E203ASSQZJ' : JTAG TCK / SPI SCK frequency = 1 MHz
programmer 'E203ASSQZJ' : Check Chain...
programmer 'E203ASSQZJ' : Scan and Check Chain PASSED.
programmer 'E203ASSQZJ' : device 'MPFS095T' : Executing action VERIFY_DIGEST
Programmer 'E203ASSQZJ' : JTAG TCK / SPI SCK frequency = 4 MHz
programmer 'E203ASSQZJ' : device 'MPFS095T' : EXPORT Algo_version[16] = 0002
programmer 'E203ASSQZJ' : device 'MPFS095T' : EXPORT IDCODE[32] = 0f8181cf
programmer 'E203ASSQZJ' : device 'MPFS095T' : EXPORT ISC_ENABLE_RESULT[32] = 00000000
programmer 'E203ASSQZJ' : device 'MPFS095T' : EXPORT CRCERR[1] = 0
programmer 'E203ASSQZJ' : device 'MPFS095T' : Design Name: MPFS_DISCOVERY_KIT
programmer 'E203ASSQZJ' : device 'MPFS095T' : EXPORT CHECKSUM[16] = 6dc6
programmer 'E203ASSQZJ' : device 'MPFS095T' : EXPORT READ_DESIGN_INFO: [288] = 0000000000000000000000000000000054494b5f595245564f435349445f5346504d6dc6
programmer 'E203ASSQZJ' : device 'MPFS095T' : EXPORT DESIGNVER[16] = 0000
programmer 'E203ASSQZJ' : device 'MPFS095T' : EXPORT BACKLEVEL[16] = 0000
programmer 'E203ASSQZJ' : device 'MPFS095T' : CHECK FABRIC digest verification: PASS
programmer 'E203ASSQZJ' : device 'MPFS095T' : EXPORT CHECK FABRIC digest[256] = 9bb617496b55cef87fc7fd3ed70f6b4b6d920eb481c7c4ef2aa8f5cec42759b7
programmer 'E203ASSQZJ' : device 'MPFS095T' : CC digest verification: PASS
programmer 'E203ASSQZJ' : device 'MPFS095T' : EXPORT CC digest[256] = 9e9d8c1bded1ed985fea816f0f32e5b4b328f70dc0bd5fd5f68ab3e4ff7a2225
programmer 'E203ASSQZJ' : device 'MPFS095T' : SNVM digest verification: PASS
programmer 'E203ASSQZJ' : device 'MPFS095T' : EXPORT SNVM digest[256] = bc08693d8f1ed6a93b700fad8eb4e05dcece79cee68e92e7fa17bc4224645399
programmer 'E203ASSQZJ' : device 'MPFS095T' : UL digest verification: PASS
programmer 'E203ASSQZJ' : device 'MPFS095T' : EXPORT UL digest[256] = cda0565eb6ac34d4410fcc8e69b568d1c4f7f809a16e106266163b28241892ba
programmer 'E203ASSQZJ' : device 'MPFS095T' : SYS digest verification: PASS
programmer 'E203ASSQZJ' : device 'MPFS095T' : EXPORT SYS digest[256] = 4c460e7d1611c5460446999eb87f38aa6673b720b7a0e3b9641dac0a525fd784
programmer 'E203ASSQZJ' : device 'MPFS095T' : UKDIGEST9 digest verification: PASS
programmer 'E203ASSQZJ' : device 'MPFS095T' : EXPORT UKDIGEST9 digest[256] = 24e58e26abd4a4ca46516d4614f6f4dddb7e9a4fed9e8439e1d7e5b0b56caa17
programmer 'E203ASSQZJ' : device 'MPFS095T' : Please refer to System Services User Guide for more details about different digests.
programmer 'E203ASSQZJ' : device 'MPFS095T' : ===================================================================================
programmer 'E203ASSQZJ' : device 'MPFS095T' : EXPORT DSN[128] = 6646180cba578c73b3eb984f201a9204
programmer 'E203ASSQZJ' : device 'MPFS095T' : ===================================================================================
programmer 'E203ASSQZJ' : Finished: Tue Sep 29 06:31:10 2026 (Elapsed time 00:00:02)
programmer 'E203ASSQZJ' : device 'MPFS095T' : Executing action VERIFY_DIGEST PASSED.
programmer 'E203ASSQZJ' : Chain programming PASSED.
Chain Programming Finished: Tue Sep 29 06:31:10 2026 (Elapsed time 00:00:02)

                        o - o - o - o - o - o

The 'run_selected_actions' command succeeded.
Exported log file G:/2026_CS/git_upload/experiments/public_designs/results/discovery_ref/program/fpx/VERIFY_DIGEST.log.
The 'save_log' command succeeded.
Project closed.
Exported log file G:/2026_CS/git_upload/experiments/public_designs/results/discovery_ref/program/verify_digest.log.
The 'close_project' command succeeded.
The Execute Script command succeeded.
