Software Version: 2025.2.0.14
Programmer 'E203ASSQZJ' : JTAG TCK / SPI SCK frequency = 1 MHz
programmer 'E203ASSQZJ' : FlashPro5
Created new project 'G:\2026_CS\git_upload\experiments\public_designs\results\discovery_ref\restore\fpx\MPFS_DISCOVERY\MPFS_DISCOVERY.pro'
PPD file 'G:\2026_CS\git_upload\experiments\public_designs\results\discovery_ref\restore\fpx\MPFS_DISCOVERY\MPFS_DISCOVERY.ppd' has been loaded successfully.
DESIGN : MPFS_DISCOVERY_KIT;  CHECKSUM : D9E3;  PDB_VERSION : 1.0
Software Version: 2025.2.0.14
PPD file 'G:\2026_CS\git_upload\experiments\public_designs\results\discovery_ref\restore\fpx\MPFS_DISCOVERY\MPFS_DISCOVERY.ppd' has been loaded successfully.
DESIGN : MPFS_DISCOVERY_KIT;  CHECKSUM : D9E3;  PDB_VERSION : 1.0
Programmer 'E203ASSQZJ' : JTAG TCK / SPI SCK frequency = 1 MHz
programmer 'E203ASSQZJ' : FlashPro5
The 'create_job_project' command succeeded.
The 'set_programming_action' command succeeded.
programmer 'E203ASSQZJ' : Scan Chain...
Programmer 'E203ASSQZJ' : JTAG TCK / SPI SCK frequency = 1 MHz
programmer 'E203ASSQZJ' : Check Chain...
programmer 'E203ASSQZJ' : Scan and Check Chain PASSED.
programmer 'E203ASSQZJ' : device 'MPFS095T' : Executing action VERIFY_DIGEST
Programmer 'E203ASSQZJ' : JTAG TCK / SPI SCK frequency = 4 MHz
programmer 'E203ASSQZJ' : device 'MPFS095T' : EXPORT Algo_version[16] = 0002
programmer 'E203ASSQZJ' : device 'MPFS095T' : EXPORT IDCODE[32] = 0f8181cf
programmer 'E203ASSQZJ' : device 'MPFS095T' : EXPORT ISC_ENABLE_RESULT[32] = 00000000
programmer 'E203ASSQZJ' : device 'MPFS095T' : EXPORT CRCERR[1] = 0
programmer 'E203ASSQZJ' : device 'MPFS095T' : Design Name: MPFS_DISCOVERY_KIT
programmer 'E203ASSQZJ' : device 'MPFS095T' : EXPORT CHECKSUM[16] = d9e3
programmer 'E203ASSQZJ' : device 'MPFS095T' : EXPORT READ_DESIGN_INFO: [288] = 000065b800000000000000000000000054494b5f595245564f435349445f5346504dd9e3
programmer 'E203ASSQZJ' : device 'MPFS095T' : EXPORT DESIGNVER[16] = 65b8
programmer 'E203ASSQZJ' : device 'MPFS095T' : EXPORT BACKLEVEL[16] = 0000
programmer 'E203ASSQZJ' : device 'MPFS095T' : CHECK FABRIC digest verification: PASS
programmer 'E203ASSQZJ' : device 'MPFS095T' : EXPORT CHECK FABRIC digest[256] = ca02205a6d45fff516d904cd07c3c78bd9236f67563eee4a346691c448b17bec
programmer 'E203ASSQZJ' : device 'MPFS095T' : CC digest verification: PASS
programmer 'E203ASSQZJ' : device 'MPFS095T' : EXPORT CC digest[256] = b7908560cf18144b786737027302f101c50d424637ea9bd2c779b9f2a02fadc3
programmer 'E203ASSQZJ' : device 'MPFS095T' : SNVM digest verification: PASS
programmer 'E203ASSQZJ' : device 'MPFS095T' : EXPORT SNVM digest[256] = d51f35ef5180076eec98730354fdcae7a17700e367290fc25cda2bd33490465b
programmer 'E203ASSQZJ' : device 'MPFS095T' : UL digest verification: PASS
programmer 'E203ASSQZJ' : device 'MPFS095T' : EXPORT UL digest[256] = cda0565eb6ac34d4410fcc8e69b568d1c4f7f809a16e106266163b28241892ba
programmer 'E203ASSQZJ' : device 'MPFS095T' : SYS digest verification: PASS
programmer 'E203ASSQZJ' : device 'MPFS095T' : EXPORT SYS digest[256] = 4c460e7d1611c5460446999eb87f38aa6673b720b7a0e3b9641dac0a525fd784
programmer 'E203ASSQZJ' : device 'MPFS095T' : ENVM digest verification: PASS
programmer 'E203ASSQZJ' : device 'MPFS095T' : EXPORT ENVM digest[256] = 55b852781b9995a44c939b64e441ae2724b96f99c8f4fb9a141cfc9842c4b0e3
programmer 'E203ASSQZJ' : device 'MPFS095T' : UKDIGEST8 digest verification: PASS
programmer 'E203ASSQZJ' : device 'MPFS095T' : EXPORT UKDIGEST8 digest[256] = 0412eb154e1795ede2ed363d91583c9f28cc8df9f6d94c4854d0d8ea21635eec
programmer 'E203ASSQZJ' : device 'MPFS095T' : UKDIGEST9 digest verification: PASS
programmer 'E203ASSQZJ' : device 'MPFS095T' : EXPORT UKDIGEST9 digest[256] = 24e58e26abd4a4ca46516d4614f6f4dddb7e9a4fed9e8439e1d7e5b0b56caa17
programmer 'E203ASSQZJ' : device 'MPFS095T' : Please refer to System Services User Guide for more details about different digests.
programmer 'E203ASSQZJ' : device 'MPFS095T' : ===================================================================================
programmer 'E203ASSQZJ' : device 'MPFS095T' : EXPORT DSN[128] = 6646180cba578c73b3eb984f201a9204
programmer 'E203ASSQZJ' : device 'MPFS095T' : ===================================================================================
programmer 'E203ASSQZJ' : Finished: Tue Sep 29 06:33:24 2026 (Elapsed time 00:00:01)
programmer 'E203ASSQZJ' : device 'MPFS095T' : Executing action VERIFY_DIGEST PASSED.
programmer 'E203ASSQZJ' : Chain programming PASSED.
Chain Programming Finished: Tue Sep 29 06:33:24 2026 (Elapsed time 00:00:01)

                        o - o - o - o - o - o

The 'run_selected_actions' command succeeded.
Exported log file G:/2026_CS/git_upload/experiments/public_designs/results/discovery_ref/restore/fpx/VERIFY_DIGEST.log.
The 'save_log' command succeeded.
Project closed.
Exported log file G:/2026_CS/git_upload/experiments/public_designs/results/discovery_ref/restore/verify_digest.log.
The 'close_project' command succeeded.
The Execute Script command succeeded.
